// Jest Snapshot v1, https://goo.gl/fbAQLP

exports[`Component - TaskTabsContent renders correctly 1`] = `
<List>
  <TasksSubList
    tasks={
      Array [
        Object {
          "createdAt": "",
          "description": "",
          "id": "1",
          "implementationDate": "",
          "newbie": Object {},
          "status": "UNCOMPLETED",
          "title": "Call you head manager",
        },
      ]
    }
    title="Todo"
  />
  <TasksSubList
    tasks={
      Array [
        Object {
          "createdAt": "",
          "description": "",
          "id": "2",
          "implementationDate": "",
          "newbie": Object {},
          "status": "COMPLETED",
          "title": "Write you main manager",
        },
      ]
    }
    title="Done"
  />
</List>
`;
