// Jest Snapshot v1, https://goo.gl/fbAQLP

exports[`Component - TaskDetails renders correctly 1`] = `
<AppWrapper
  data-testid="task-details-page"
>
  <NavBar
    onClick={[Function]}
    type="back"
  />
  <CircularProgress />
  <svg
    className="makeStyles-background-5"
    fill="#f1f1f1"
  >
    <ellipse
      cx="70%"
      cy="130%"
      rx="75%"
      ry="110%"
    />
  </svg>
</AppWrapper>
`;
