// Jest Snapshot v1, https://goo.gl/fbAQLP

exports[`Component - TaskDetails renders correctly 1`] = `
Array [
  "Header",
  <PageContainer
    backGroundShape={true}
    data-testid="task-details-page"
  />,
]
`;

exports[`Component - TaskDetails renders correctly 2`] = `
Array [
  "Header",
  <PageContainer
    backGroundShape={true}
    data-testid="task-details-page"
  />,
]
`;
