// Jest Snapshot v1, https://goo.gl/fbAQLP

exports[`Component - SnackBar renders correctly 1`] = `
<Dialog
  data-testid="alert-dialog"
  onClose={[Function]}
  open={false}
>
  
  <DialogContent>
    <DialogContentText
      style={
        Object {
          "whiteSpace": "pre-line",
        }
      }
      variant="body2"
    >
      
    </DialogContentText>
  </DialogContent>
  <DialogActions>
    <Button
      color="primary"
      data-testid="alert-dialog-close"
      onClick={[Function]}
    >
      Close
    </Button>
    <Button
      color="primary"
      data-testid="alert-dialog-confirm"
      onClick={[Function]}
    >
      Confirm
    </Button>
  </DialogActions>
</Dialog>
`;
