// Jest Snapshot v1, https://goo.gl/fbAQLP

exports[`Component - SnackBar renders correctly 1`] = `
<Snackbar
  action={
    Array [
      <IconButton
        aria-label="close"
        color="inherit"
        onClick={[Function]}
      >
        <CloseIcon />
      </IconButton>,
    ]
  }
  anchorOrigin={
    Object {
      "horizontal": "left",
      "vertical": "bottom",
    }
  }
  autoHideDuration={3000}
  message={
    <span>
      this is a dummy message
    </span>
  }
  open={true}
/>
`;
