// Jest Snapshot v1, https://goo.gl/fbAQLP

exports[`Component - PlusButton renders correctly 1`] = `
Array [
  <div
    className="MuiGrid-root MuiGrid-container MuiGrid-direction-xs-column MuiGrid-align-items-xs-center MuiGrid-justify-xs-center"
  >
    <div
      className="MuiGrid-root makeStyles-grid-3 MuiGrid-container MuiGrid-direction-xs-column MuiGrid-align-items-xs-center MuiGrid-justify-xs-center"
    >
      <div
        className="MuiAvatar-root makeStyles-avatar-1"
      >
        <img
          alt="Avatar"
          className="MuiAvatar-img"
          src="url"
        />
      </div>
      <div
        aria-valuenow={0}
        className="MuiCircularProgress-root makeStyles-progress-2 MuiCircularProgress-colorPrimary MuiCircularProgress-static"
        role="progressbar"
        style={
          Object {
            "height": 90,
            "transform": "rotate(-90deg)",
            "width": 90,
          }
        }
      >
        <svg
          className="MuiCircularProgress-svg"
          viewBox="22 22 44 44"
        >
          <circle
            className="MuiCircularProgress-circle MuiCircularProgress-circleStatic"
            cx={44}
            cy={44}
            fill="none"
            r={21}
            strokeWidth={2}
            style={
              Object {
                "strokeDasharray": "131.947",
                "strokeDashoffset": "131.947px",
              }
            }
          />
        </svg>
      </div>
      <h4
        className="MuiTypography-root MuiTypography-subtitle1"
      />
    </div>
  </div>,
  <p
    className="MuiTypography-root MuiTypography-h4"
  >
    <strong
      className="MuiBox-root MuiBox-root-156"
    >
      tom
    </strong>
  </p>,
  <p
    className="MuiTypography-root MuiTypography-h4"
  >
    hanks@wipro.com
  </p>,
]
`;
