// Jest Snapshot v1, https://goo.gl/fbAQLP

exports[`Component - UserMenuSettings renders correctly 1`] = `
Array [
  <Typography
    component="p"
    variant="h4"
  >
    <Box
      component="strong"
      fontWeight="fontWeightBold"
    >
      Settings
    </Box>
  </Typography>,
  <FormControlLabel
    control={
      <ForwardRef(WithStyles)
        checked={true}
        onChange={[Function]}
      />
    }
    label="Allow push notifications"
  />,
]
`;
