// Jest Snapshot v1, https://goo.gl/fbAQLP

exports[`Component - PlusButton renders correctly 1`] = `
Array [
  <AddIcon
    component="p"
    variant="h4"
  >
    <Box
      component="strong"
      fontWeight="fontWeightBold"
    >
      Newbies
    </Box>
  </AddIcon>,
  <ListItem
    button={true}
  >
    <AddIcon
      component="p"
      variant="h4"
    >
       foo
    </AddIcon>
    <Avatar
      imgSrc="url"
      type="small"
    />
  </ListItem>,
]
`;
