// Jest Snapshot v1, https://goo.gl/fbAQLP

exports[`Component - Login renders correctly 1`] = `
<section
  className="makeStyles-paper-1"
>
  <Typography
    component="h1"
    variant="h1"
  >
    Buddy
  </Typography>
  <svg
    className="makeStyles-spaceMan-2"
  >
    spaceman.svg
  </svg>
  <form
    noValidate={true}
  >
    <TextField
      autoComplete="email"
      autoFocus={true}
      fullWidth={true}
      id="email"
      label="Email Address"
      margin="normal"
      name="email"
    />
    <TextField
      autoComplete="current-password"
      fullWidth={true}
      id="password"
      label="Password"
      margin="normal"
      name="password"
      type="password"
    />
    <RoundedButton
      className="makeStyles-submit-3"
      color="primary"
      fullWidth={true}
      type="submit"
      variant="contained"
    >
      Sign In
    </RoundedButton>
    <Grid
      container={true}
      justify="flex-end"
    >
      <Link
        href="#"
      >
        Forgot password?
      </Link>
    </Grid>
  </form>
</section>
`;
