// Jest Snapshot v1, https://goo.gl/fbAQLP

exports[`Component - Login renders correctly 1`] = `
Array [
  <Typography
    align="center"
    className="makeStyles-title-1"
    component="h1"
    variant="h1"
  >
    Buddy
  </Typography>,
  <svg
    className="makeStyles-spaceMan-2"
  >
    spaceman.svg
  </svg>,
  <form
    noValidate={true}
    onSubmit={[Function]}
  >
    <TextField
      autoComplete="email"
      autoFocus={true}
      error={false}
      fullWidth={true}
      helperText=" "
      inputRef={[Function]}
      label="Email Address"
      margin="dense"
      name="email"
    />
    <TextField
      autoComplete="current-password"
      error={false}
      fullWidth={true}
      helperText=" "
      inputRef={[Function]}
      label="Password"
      margin="dense"
      name="password"
      type="password"
    />
    <RoundedButton
      className="makeStyles-submit-3"
      color="primary"
      disabled={false}
      fullWidth={true}
      type="submit"
      variant="contained"
    >
      Sign In
    </RoundedButton>
    <Grid
      container={true}
      justify="flex-end"
    >
      <Link
        href="#"
      >
        Forgot password?
      </Link>
    </Grid>
  </form>,
]
`;

exports[`Component - Login should render loading state initially after submitting form 1`] = `
Array [
  <Typography
    align="center"
    className="makeStyles-title-1"
    component="h1"
    variant="h1"
  >
    Buddy
  </Typography>,
  <svg
    className="makeStyles-spaceMan-2"
  >
    spaceman.svg
  </svg>,
  <form
    noValidate={true}
    onSubmit={[Function]}
  >
    <TextField
      autoComplete="email"
      autoFocus={true}
      error={false}
      fullWidth={true}
      helperText=" "
      inputRef={[Function]}
      label="Email Address"
      margin="dense"
      name="email"
    />
    <TextField
      autoComplete="current-password"
      error={false}
      fullWidth={true}
      helperText=" "
      inputRef={[Function]}
      label="Password"
      margin="dense"
      name="password"
      type="password"
    />
    <RoundedButton
      className="makeStyles-submit-3"
      color="primary"
      disabled={false}
      fullWidth={true}
      type="submit"
      variant="contained"
    >
      Sign In
    </RoundedButton>
    <Grid
      container={true}
      justify="flex-end"
    >
      <Link
        href="#"
      >
        Forgot password?
      </Link>
    </Grid>
  </form>,
]
`;
