// Jest Snapshot v1, https://goo.gl/fbAQLP

exports[`Component - BuddyMenuSection renders correctly 1`] = `
Array [
  <Typography
    component="p"
    variant="h4"
  >
    <Box
      component="strong"
      fontWeight="fontWeightBold"
    >
      Buddy
    </Box>
  </Typography>,
  <ListItem
    button={true}
  >
    <Typography
      component="p"
      variant="h4"
    >
      Tom
    </Typography>
    <Avatar
      imgSrc="photo"
      type="small"
    />
  </ListItem>,
]
`;
